#-----------------------------------------------------------
# Vivado v2024.1 (64-bit)
# SW Build 5076996 on Wed May 22 18:37:14 MDT 2024
# IP Build 5075265 on Wed May 22 21:45:21 MDT 2024
# SharedData Build 5076995 on Wed May 22 18:29:18 MDT 2024
# Start of session at: Sun Oct 27 11:19:04 2024
# Process ID: 26544
# Current directory: D:/git/FPGA_learn/mux2/mux2.runs/synth_1
# Command line: vivado.exe -log mux2.vds -product Vivado -mode batch -messageDb vivado.pb -notrace -source mux2.tcl
# Log file: D:/git/FPGA_learn/mux2/mux2.runs/synth_1/mux2.vds
# Journal file: D:/git/FPGA_learn/mux2/mux2.runs/synth_1\vivado.jou
# Running On        :DESKTOP-HDC387S
# Platform          :Windows Server 2016 or Windows 10
# Operating System  :22631
# Processor Detail  :AMD Ryzen 7 5800H with Radeon Graphics         
# CPU Frequency     :3194 MHz
# CPU Physical cores:8
# CPU Logical cores :16
# Host memory       :33651 MB
# Swap memory       :5100 MB
# Total Virtual     :38751 MB
# Available Virtual :22063 MB
#-----------------------------------------------------------
source mux2.tcl -notrace
